<?xml version="1.0" encoding="ISO-8859-1" ?>
<link_info>
   <banner>TI ARM Linker PC v20.2.7.LTS</banner>
   <copyright>Copyright (c) 1996-2018 Texas Instruments Incorporated</copyright>
   <link_time>0x68142cec</link_time>
   <link_errors>0x0</link_errors>
   <output_file>FRT10_template.out</output_file>
   <entry_point>
      <name>_c_int00_noargs</name>
      <address>0x27ad</address>
   </entry_point>
   <input_file_list>
      <input_file id="fl-2">
         <path>.\</path>
         <kind>object</kind>
         <file>heap_2.obj</file>
         <name>heap_2.obj</name>
      </input_file>
      <input_file id="fl-3">
         <path>.\</path>
         <kind>object</kind>
         <file>list.obj</file>
         <name>list.obj</name>
      </input_file>
      <input_file id="fl-4">
         <path>.\</path>
         <kind>object</kind>
         <file>main.obj</file>
         <name>main.obj</name>
      </input_file>
      <input_file id="fl-5">
         <path>.\</path>
         <kind>object</kind>
         <file>port.obj</file>
         <name>port.obj</name>
      </input_file>
      <input_file id="fl-6">
         <path>.\</path>
         <kind>object</kind>
         <file>portasm.obj</file>
         <name>portasm.obj</name>
      </input_file>
      <input_file id="fl-7">
         <path>.\</path>
         <kind>object</kind>
         <file>queue.obj</file>
         <name>queue.obj</name>
      </input_file>
      <input_file id="fl-8">
         <path>.\</path>
         <kind>object</kind>
         <file>startup_frt.obj</file>
         <name>startup_frt.obj</name>
      </input_file>
      <input_file id="fl-9">
         <path>.\</path>
         <kind>object</kind>
         <file>status_led.obj</file>
         <name>status_led.obj</name>
      </input_file>
      <input_file id="fl-a">
         <path>.\</path>
         <kind>object</kind>
         <file>systick_frt.obj</file>
         <name>systick_frt.obj</name>
      </input_file>
      <input_file id="fl-b">
         <path>.\</path>
         <kind>object</kind>
         <file>tasks.obj</file>
         <name>tasks.obj</name>
      </input_file>
      <input_file id="fl-f">
         <kind>object</kind>
         <file>&lt;internal&gt;</file>
         <name>&lt;internal&gt;</name>
      </input_file>
      <input_file id="fl-c5">
         <path>C:\ti\ccs1260\ccs\tools\compiler\ti-cgt-arm_20.2.7.LTS\lib\</path>
         <kind>archive</kind>
         <file>rtsv7M4_T_le_v4SPD16_eabi.lib</file>
         <name>memcpy_t2.asm.obj</name>
      </input_file>
      <input_file id="fl-c6">
         <path>C:\ti\ccs1260\ccs\tools\compiler\ti-cgt-arm_20.2.7.LTS\lib\</path>
         <kind>archive</kind>
         <file>rtsv7M4_T_le_v4SPD16_eabi.lib</file>
         <name>memset_t2.asm.obj</name>
      </input_file>
      <input_file id="fl-c7">
         <path>C:\ti\ccs1260\ccs\tools\compiler\ti-cgt-arm_20.2.7.LTS\lib\</path>
         <kind>archive</kind>
         <file>rtsv7M4_T_le_v4SPD16_eabi.lib</file>
         <name>copy_zero_init.c.obj</name>
      </input_file>
      <input_file id="fl-c8">
         <path>C:\ti\ccs1260\ccs\tools\compiler\ti-cgt-arm_20.2.7.LTS\lib\</path>
         <kind>archive</kind>
         <file>rtsv7M4_T_le_v4SPD16_eabi.lib</file>
         <name>copy_decompress_none.c.obj</name>
      </input_file>
      <input_file id="fl-c9">
         <path>C:\ti\ccs1260\ccs\tools\compiler\ti-cgt-arm_20.2.7.LTS\lib\</path>
         <kind>archive</kind>
         <file>rtsv7M4_T_le_v4SPD16_eabi.lib</file>
         <name>copy_decompress_lzss.c.obj</name>
      </input_file>
      <input_file id="fl-ca">
         <path>C:\ti\ccs1260\ccs\tools\compiler\ti-cgt-arm_20.2.7.LTS\lib\</path>
         <kind>archive</kind>
         <file>rtsv7M4_T_le_v4SPD16_eabi.lib</file>
         <name>boot_cortex_m.c.obj</name>
      </input_file>
      <input_file id="fl-cb">
         <path>C:\ti\ccs1260\ccs\tools\compiler\ti-cgt-arm_20.2.7.LTS\lib\</path>
         <kind>archive</kind>
         <file>rtsv7M4_T_le_v4SPD16_eabi.lib</file>
         <name>autoinit.c.obj</name>
      </input_file>
      <input_file id="fl-cc">
         <path>C:\ti\ccs1260\ccs\tools\compiler\ti-cgt-arm_20.2.7.LTS\lib\</path>
         <kind>archive</kind>
         <file>rtsv7M4_T_le_v4SPD16_eabi.lib</file>
         <name>pre_init.c.obj</name>
      </input_file>
      <input_file id="fl-cd">
         <path>C:\ti\ccs1260\ccs\tools\compiler\ti-cgt-arm_20.2.7.LTS\lib\</path>
         <kind>archive</kind>
         <file>rtsv7M4_T_le_v4SPD16_eabi.lib</file>
         <name>cpy_tbl.c.obj</name>
      </input_file>
      <input_file id="fl-ce">
         <path>C:\ti\ccs1260\ccs\tools\compiler\ti-cgt-arm_20.2.7.LTS\lib\</path>
         <kind>archive</kind>
         <file>rtsv7M4_T_le_v4SPD16_eabi.lib</file>
         <name>exit.c.obj</name>
      </input_file>
      <input_file id="fl-cf">
         <path>C:\ti\ccs1260\ccs\tools\compiler\ti-cgt-arm_20.2.7.LTS\lib\</path>
         <kind>archive</kind>
         <file>rtsv7M4_T_le_v4SPD16_eabi.lib</file>
         <name>_lock.c.obj</name>
      </input_file>
      <input_file id="fl-d0">
         <path>C:\ti\ccs1260\ccs\tools\compiler\ti-cgt-arm_20.2.7.LTS\lib\</path>
         <kind>archive</kind>
         <file>rtsv7M4_T_le_v4SPD16_eabi.lib</file>
         <name>args_main.c.obj</name>
      </input_file>
   </input_file_list>
   <object_component_list>
      <object_component id="oc-12">
         <name>.intvecs</name>
         <load_address>0x0</load_address>
         <run_address>0x0</run_address>
         <size>0x26c</size>
         <input_file_ref idref="fl-8"/>
      </object_component>
      <object_component id="oc-7f">
         <name>.text</name>
         <load_address>0x26c</load_address>
         <run_address>0x26c</run_address>
         <size>0x1d30</size>
         <input_file_ref idref="fl-b"/>
      </object_component>
      <object_component id="oc-de">
         <name>.text</name>
         <load_address>0x1f9c</load_address>
         <run_address>0x1f9c</run_address>
         <size>0x1d8</size>
         <input_file_ref idref="fl-2"/>
      </object_component>
      <object_component id="oc-32">
         <name>.text</name>
         <load_address>0x2174</load_address>
         <run_address>0x2174</run_address>
         <size>0x13c</size>
         <input_file_ref idref="fl-5"/>
      </object_component>
      <object_component id="oc-e4">
         <name>.text</name>
         <load_address>0x22b0</load_address>
         <run_address>0x22b0</run_address>
         <size>0x12a</size>
         <input_file_ref idref="fl-3"/>
      </object_component>
      <object_component id="oc-2d">
         <name>.text</name>
         <load_address>0x23dc</load_address>
         <run_address>0x23dc</run_address>
         <size>0xda</size>
         <input_file_ref idref="fl-6"/>
      </object_component>
      <object_component id="oc-46">
         <name>.text</name>
         <load_address>0x24b6</load_address>
         <run_address>0x24b6</run_address>
         <size>0x9c</size>
         <input_file_ref idref="fl-c5"/>
      </object_component>
      <object_component id="oc-b6">
         <name>.text</name>
         <load_address>0x2552</load_address>
         <run_address>0x2552</run_address>
         <size>0x7a</size>
         <input_file_ref idref="fl-c6"/>
      </object_component>
      <object_component id="oc-c2">
         <name>.text</name>
         <load_address>0x25cc</load_address>
         <run_address>0x25cc</run_address>
         <size>0x70</size>
         <input_file_ref idref="fl-4"/>
      </object_component>
      <object_component id="oc-131">
         <name>.text</name>
         <load_address>0x263c</load_address>
         <run_address>0x263c</run_address>
         <size>0x6c</size>
         <input_file_ref idref="fl-a"/>
      </object_component>
      <object_component id="oc-15">
         <name>.text:decompress:lzss:__TI_decompress_lzss</name>
         <load_address>0x26a8</load_address>
         <run_address>0x26a8</run_address>
         <size>0x68</size>
         <input_file_ref idref="fl-c9"/>
      </object_component>
      <object_component id="oc-137">
         <name>.text</name>
         <load_address>0x2710</load_address>
         <run_address>0x2710</run_address>
         <size>0x58</size>
         <input_file_ref idref="fl-9"/>
      </object_component>
      <object_component id="oc-14a">
         <name>.text:__TI_auto_init_nobinit_nopinit:__TI_auto_init_nobinit_nopinit</name>
         <load_address>0x2768</load_address>
         <run_address>0x2768</run_address>
         <size>0x44</size>
         <input_file_ref idref="fl-cb"/>
      </object_component>
      <object_component id="oc-64">
         <name>.text:_c_int00_noargs:_c_int00_noargs</name>
         <load_address>0x27ac</load_address>
         <run_address>0x27ac</run_address>
         <size>0x34</size>
         <input_file_ref idref="fl-ca"/>
      </object_component>
      <object_component id="oc-1b">
         <name>.text:decompress:none:__TI_decompress_none</name>
         <load_address>0x27e0</load_address>
         <run_address>0x27e0</run_address>
         <size>0xe</size>
         <input_file_ref idref="fl-c8"/>
      </object_component>
      <object_component id="oc-58">
         <name>.text:decompress:ZI:__TI_zero_init</name>
         <load_address>0x27ee</load_address>
         <run_address>0x27ee</run_address>
         <size>0xc</size>
         <input_file_ref idref="fl-c7"/>
      </object_component>
      <object_component id="oc-27">
         <name>.text</name>
         <load_address>0x27fa</load_address>
         <run_address>0x27fa</run_address>
         <size>0xc</size>
         <input_file_ref idref="fl-8"/>
      </object_component>
      <object_component id="oc-bc">
         <name>.text:_system_pre_init</name>
         <load_address>0x2806</load_address>
         <run_address>0x2806</run_address>
         <size>0x4</size>
         <input_file_ref idref="fl-cc"/>
      </object_component>
      <object_component id="oc-13e">
         <name>.text:abort:abort</name>
         <load_address>0x280a</load_address>
         <run_address>0x280a</run_address>
         <size>0x4</size>
         <input_file_ref idref="fl-ce"/>
      </object_component>
      <object_component id="oc-7c">
         <name>.const</name>
         <load_address>0x2810</load_address>
         <run_address>0x2810</run_address>
         <size>0x4</size>
         <input_file_ref idref="fl-5"/>
      </object_component>
      <object_component id="oc-f6">
         <name>.const</name>
         <load_address>0x2814</load_address>
         <run_address>0x2814</run_address>
         <size>0x4</size>
         <input_file_ref idref="fl-b"/>
      </object_component>
      <object_component id="oc-266">
         <name>.cinit..data.load</name>
         <load_address>0x2818</load_address>
         <run_address>0x2818</run_address>
         <size>0xf</size>
      </object_component>
      <object_component id="oc-264">
         <name>__TI_handler_table</name>
         <load_address>0x2828</load_address>
         <run_address>0x2828</run_address>
         <size>0xc</size>
      </object_component>
      <object_component id="oc-267">
         <name>.cinit..bss.load</name>
         <load_address>0x2838</load_address>
         <run_address>0x2838</run_address>
         <size>0x8</size>
      </object_component>
      <object_component id="oc-265">
         <name>__TI_cinit_table</name>
         <load_address>0x2840</load_address>
         <run_address>0x2840</run_address>
         <size>0x10</size>
      </object_component>
      <object_component id="oc-197">
         <name>.data</name>
         <load_address>0x20001ed4</load_address>
         <run_address>0x20001ed4</run_address>
         <size>0x8</size>
         <input_file_ref idref="fl-2"/>
      </object_component>
      <object_component id="oc-86">
         <name>.data</name>
         <load_address>0x20001edc</load_address>
         <run_address>0x20001edc</run_address>
         <size>0x4</size>
         <input_file_ref idref="fl-5"/>
      </object_component>
      <object_component id="oc-79">
         <name>.data</name>
         <load_address>0x20001ea0</load_address>
         <run_address>0x20001ea0</run_address>
         <size>0x34</size>
         <input_file_ref idref="fl-b"/>
      </object_component>
      <object_component id="oc-1a0">
         <name>.bss:ucHeap</name>
         <uninitialized>true</uninitialized>
         <run_address>0x20000000</run_address>
         <size>0x1b58</size>
         <input_file_ref idref="fl-2"/>
      </object_component>
      <object_component id="oc-19a">
         <name>.bss:xStart</name>
         <uninitialized>true</uninitialized>
         <run_address>0x20001c94</run_address>
         <size>0x8</size>
         <input_file_ref idref="fl-2"/>
      </object_component>
      <object_component id="oc-19d">
         <name>.bss:xEnd</name>
         <uninitialized>true</uninitialized>
         <run_address>0x20001c8c</run_address>
         <size>0x8</size>
         <input_file_ref idref="fl-2"/>
      </object_component>
      <object_component id="oc-ea">
         <name>.bss:pxReadyTasksLists</name>
         <uninitialized>true</uninitialized>
         <run_address>0x20001b58</run_address>
         <size>0xc8</size>
         <input_file_ref idref="fl-b"/>
      </object_component>
      <object_component id="oc-fc">
         <name>.bss:xDelayedTaskList1</name>
         <uninitialized>true</uninitialized>
         <run_address>0x20001c20</run_address>
         <size>0x14</size>
         <input_file_ref idref="fl-b"/>
      </object_component>
      <object_component id="oc-ff">
         <name>.bss:xDelayedTaskList2</name>
         <uninitialized>true</uninitialized>
         <run_address>0x20001c34</run_address>
         <size>0x14</size>
         <input_file_ref idref="fl-b"/>
      </object_component>
      <object_component id="oc-f9">
         <name>.bss</name>
         <uninitialized>true</uninitialized>
         <run_address>0x20001c84</run_address>
         <size>0x8</size>
         <input_file_ref idref="fl-b"/>
      </object_component>
      <object_component id="oc-f3">
         <name>.bss:xPendingReadyList</name>
         <uninitialized>true</uninitialized>
         <run_address>0x20001c48</run_address>
         <size>0x14</size>
         <input_file_ref idref="fl-b"/>
      </object_component>
      <object_component id="oc-ed">
         <name>.bss:xTasksWaitingTermination</name>
         <uninitialized>true</uninitialized>
         <run_address>0x20001c70</run_address>
         <size>0x14</size>
         <input_file_ref idref="fl-b"/>
      </object_component>
      <object_component id="oc-f0">
         <name>.bss:xSuspendedTaskList</name>
         <uninitialized>true</uninitialized>
         <run_address>0x20001c5c</run_address>
         <size>0x14</size>
         <input_file_ref idref="fl-b"/>
      </object_component>
      <object_component id="oc-24">
         <name>.stack</name>
         <uninitialized>true</uninitialized>
         <run_address>0x20001ca0</run_address>
         <size>0x4</size>
         <input_file_ref idref="fl-ca"/>
      </object_component>
      <object_component id="oc-269">
         <name>.stack</name>
         <uninitialized>true</uninitialized>
         <run_address>0x20001ca0</run_address>
         <size>0x0</size>
      </object_component>
      <object_component id="oc-11b">
         <name>.debug_info</name>
         <load_address>0x0</load_address>
         <run_address>0x0</run_address>
         <size>0x416</size>
         <input_file_ref idref="fl-2"/>
      </object_component>
      <object_component id="oc-1a1">
         <name>.debug_info</name>
         <load_address>0x416</load_address>
         <run_address>0x416</run_address>
         <size>0xda</size>
         <input_file_ref idref="fl-2"/>
      </object_component>
      <object_component id="oc-19b">
         <name>.debug_info</name>
         <load_address>0x4f0</load_address>
         <run_address>0x4f0</run_address>
         <size>0xda</size>
         <input_file_ref idref="fl-2"/>
      </object_component>
      <object_component id="oc-19e">
         <name>.debug_info</name>
         <load_address>0x5ca</load_address>
         <run_address>0x5ca</run_address>
         <size>0xd6</size>
         <input_file_ref idref="fl-2"/>
      </object_component>
      <object_component id="oc-198">
         <name>.debug_info</name>
         <load_address>0x6a0</load_address>
         <run_address>0x6a0</run_address>
         <size>0xf4</size>
         <input_file_ref idref="fl-2"/>
      </object_component>
      <object_component id="oc-df">
         <name>.debug_info</name>
         <load_address>0x794</load_address>
         <run_address>0x794</run_address>
         <size>0x555</size>
         <input_file_ref idref="fl-2"/>
      </object_component>
      <object_component id="oc-10c">
         <name>.debug_info</name>
         <load_address>0xce9</load_address>
         <run_address>0xce9</run_address>
         <size>0x315</size>
         <input_file_ref idref="fl-2"/>
      </object_component>
      <object_component id="oc-183">
         <name>.debug_info</name>
         <load_address>0xffe</load_address>
         <run_address>0xffe</run_address>
         <size>0x110</size>
         <input_file_ref idref="fl-2"/>
      </object_component>
      <object_component id="oc-97">
         <name>.debug_info</name>
         <load_address>0x110e</load_address>
         <run_address>0x110e</run_address>
         <size>0x26b</size>
         <input_file_ref idref="fl-2"/>
      </object_component>
      <object_component id="oc-192">
         <name>.debug_info</name>
         <load_address>0x1379</load_address>
         <run_address>0x1379</run_address>
         <size>0x3e3</size>
         <input_file_ref idref="fl-2"/>
      </object_component>
      <object_component id="oc-1b9">
         <name>.debug_info</name>
         <load_address>0x175c</load_address>
         <run_address>0x175c</run_address>
         <size>0x62</size>
         <input_file_ref idref="fl-2"/>
      </object_component>
      <object_component id="oc-41">
         <name>.debug_info</name>
         <load_address>0x17be</load_address>
         <run_address>0x17be</run_address>
         <size>0x84</size>
         <input_file_ref idref="fl-2"/>
      </object_component>
      <object_component id="oc-8b">
         <name>.debug_info</name>
         <load_address>0x1842</load_address>
         <run_address>0x1842</run_address>
         <size>0x2c</size>
         <input_file_ref idref="fl-2"/>
      </object_component>
      <object_component id="oc-11c">
         <name>.debug_info</name>
         <load_address>0x186e</load_address>
         <run_address>0x186e</run_address>
         <size>0x2a4</size>
         <input_file_ref idref="fl-2"/>
      </object_component>
      <object_component id="oc-9c">
         <name>.debug_info</name>
         <load_address>0x1b12</load_address>
         <run_address>0x1b12</run_address>
         <size>0xbb</size>
         <input_file_ref idref="fl-2"/>
      </object_component>
      <object_component id="oc-90">
         <name>.debug_info</name>
         <load_address>0x1bcd</load_address>
         <run_address>0x1bcd</run_address>
         <size>0x53</size>
         <input_file_ref idref="fl-2"/>
      </object_component>
      <object_component id="oc-111">
         <name>.debug_info</name>
         <load_address>0x1c20</load_address>
         <run_address>0x1c20</run_address>
         <size>0x14c</size>
         <input_file_ref idref="fl-2"/>
      </object_component>
      <object_component id="oc-1a5">
         <name>.debug_info</name>
         <load_address>0x1d6c</load_address>
         <run_address>0x1d6c</run_address>
         <size>0x382</size>
         <input_file_ref idref="fl-3"/>
      </object_component>
      <object_component id="oc-e8">
         <name>.debug_info</name>
         <load_address>0x20ee</load_address>
         <run_address>0x20ee</run_address>
         <size>0x452</size>
         <input_file_ref idref="fl-3"/>
      </object_component>
      <object_component id="oc-1b6">
         <name>.debug_info</name>
         <load_address>0x2540</load_address>
         <run_address>0x2540</run_address>
         <size>0x47f</size>
         <input_file_ref idref="fl-4"/>
      </object_component>
      <object_component id="oc-c3">
         <name>.debug_info</name>
         <load_address>0x29bf</load_address>
         <run_address>0x29bf</run_address>
         <size>0x235</size>
         <input_file_ref idref="fl-4"/>
      </object_component>
      <object_component id="oc-116">
         <name>.debug_info</name>
         <load_address>0x2bf4</load_address>
         <run_address>0x2bf4</run_address>
         <size>0x3e3</size>
         <input_file_ref idref="fl-4"/>
      </object_component>
      <object_component id="oc-1c0">
         <name>.debug_info</name>
         <load_address>0x2fd7</load_address>
         <run_address>0x2fd7</run_address>
         <size>0xae</size>
         <input_file_ref idref="fl-4"/>
      </object_component>
      <object_component id="oc-107">
         <name>.debug_info</name>
         <load_address>0x3085</load_address>
         <run_address>0x3085</run_address>
         <size>0x53</size>
         <input_file_ref idref="fl-4"/>
      </object_component>
      <object_component id="oc-8a">
         <name>.debug_info</name>
         <load_address>0x30d8</load_address>
         <run_address>0x30d8</run_address>
         <size>0x402</size>
         <input_file_ref idref="fl-5"/>
      </object_component>
      <object_component id="oc-7d">
         <name>.debug_info</name>
         <load_address>0x34da</load_address>
         <run_address>0x34da</run_address>
         <size>0x107</size>
         <input_file_ref idref="fl-5"/>
      </object_component>
      <object_component id="oc-87">
         <name>.debug_info</name>
         <load_address>0x35e1</load_address>
         <run_address>0x35e1</run_address>
         <size>0xee</size>
         <input_file_ref idref="fl-5"/>
      </object_component>
      <object_component id="oc-35">
         <name>.debug_info</name>
         <load_address>0x36cf</load_address>
         <run_address>0x36cf</run_address>
         <size>0x4ae</size>
         <input_file_ref idref="fl-5"/>
      </object_component>
      <object_component id="oc-2f">
         <name>.debug_info</name>
         <load_address>0x3b7d</load_address>
         <run_address>0x3b7d</run_address>
         <size>0x23c</size>
         <input_file_ref idref="fl-6"/>
      </object_component>
      <object_component id="oc-1e6">
         <name>.debug_info</name>
         <load_address>0x3db9</load_address>
         <run_address>0x3db9</run_address>
         <size>0x816</size>
         <input_file_ref idref="fl-7"/>
      </object_component>
      <object_component id="oc-222">
         <name>.debug_info</name>
         <load_address>0x45cf</load_address>
         <run_address>0x45cf</run_address>
         <size>0x1c7</size>
         <input_file_ref idref="fl-7"/>
      </object_component>
      <object_component id="oc-227">
         <name>.debug_info</name>
         <load_address>0x4796</load_address>
         <run_address>0x4796</run_address>
         <size>0x46</size>
         <input_file_ref idref="fl-7"/>
      </object_component>
      <object_component id="oc-188">
         <name>.debug_info</name>
         <load_address>0x47dc</load_address>
         <run_address>0x47dc</run_address>
         <size>0x35</size>
         <input_file_ref idref="fl-7"/>
      </object_component>
      <object_component id="oc-3a">
         <name>.debug_info</name>
         <load_address>0x4811</load_address>
         <run_address>0x4811</run_address>
         <size>0x32d</size>
         <input_file_ref idref="fl-8"/>
      </object_component>
      <object_component id="oc-13">
         <name>.debug_info</name>
         <load_address>0x4b3e</load_address>
         <run_address>0x4b3e</run_address>
         <size>0xec</size>
         <input_file_ref idref="fl-8"/>
      </object_component>
      <object_component id="oc-28">
         <name>.debug_info</name>
         <load_address>0x4c2a</load_address>
         <run_address>0x4c2a</run_address>
         <size>0x200</size>
         <input_file_ref idref="fl-8"/>
      </object_component>
      <object_component id="oc-1c5">
         <name>.debug_info</name>
         <load_address>0x4e2a</load_address>
         <run_address>0x4e2a</run_address>
         <size>0x3b2</size>
         <input_file_ref idref="fl-9"/>
      </object_component>
      <object_component id="oc-139">
         <name>.debug_info</name>
         <load_address>0x51dc</load_address>
         <run_address>0x51dc</run_address>
         <size>0x1fc</size>
         <input_file_ref idref="fl-9"/>
      </object_component>
      <object_component id="oc-1fa">
         <name>.debug_info</name>
         <load_address>0x53d8</load_address>
         <run_address>0x53d8</run_address>
         <size>0x315</size>
         <input_file_ref idref="fl-9"/>
      </object_component>
      <object_component id="oc-1f5">
         <name>.debug_info</name>
         <load_address>0x56ed</load_address>
         <run_address>0x56ed</run_address>
         <size>0x4f</size>
         <input_file_ref idref="fl-9"/>
      </object_component>
      <object_component id="oc-133">
         <name>.debug_info</name>
         <load_address>0x573c</load_address>
         <run_address>0x573c</run_address>
         <size>0x124</size>
         <input_file_ref idref="fl-a"/>
      </object_component>
      <object_component id="oc-d6">
         <name>.debug_info</name>
         <load_address>0x5860</load_address>
         <run_address>0x5860</run_address>
         <size>0x764</size>
         <input_file_ref idref="fl-b"/>
      </object_component>
      <object_component id="oc-7a">
         <name>.debug_info</name>
         <load_address>0x5fc4</load_address>
         <run_address>0x5fc4</run_address>
         <size>0x347</size>
         <input_file_ref idref="fl-b"/>
      </object_component>
      <object_component id="oc-eb">
         <name>.debug_info</name>
         <load_address>0x630b</load_address>
         <run_address>0x630b</run_address>
         <size>0xf0</size>
         <input_file_ref idref="fl-b"/>
      </object_component>
      <object_component id="oc-fd">
         <name>.debug_info</name>
         <load_address>0x63fb</load_address>
         <run_address>0x63fb</run_address>
         <size>0xf0</size>
         <input_file_ref idref="fl-b"/>
      </object_component>
      <object_component id="oc-100">
         <name>.debug_info</name>
         <load_address>0x64eb</load_address>
         <run_address>0x64eb</run_address>
         <size>0xf0</size>
         <input_file_ref idref="fl-b"/>
      </object_component>
      <object_component id="oc-fa">
         <name>.debug_info</name>
         <load_address>0x65db</load_address>
         <run_address>0x65db</run_address>
         <size>0x133</size>
         <input_file_ref idref="fl-b"/>
      </object_component>
      <object_component id="oc-f4">
         <name>.debug_info</name>
         <load_address>0x670e</load_address>
         <run_address>0x670e</run_address>
         <size>0xf0</size>
         <input_file_ref idref="fl-b"/>
      </object_component>
      <object_component id="oc-ee">
         <name>.debug_info</name>
         <load_address>0x67fe</load_address>
         <run_address>0x67fe</run_address>
         <size>0xfe</size>
         <input_file_ref idref="fl-b"/>
      </object_component>
      <object_component id="oc-f1">
         <name>.debug_info</name>
         <load_address>0x68fc</load_address>
         <run_address>0x68fc</run_address>
         <size>0xf2</size>
         <input_file_ref idref="fl-b"/>
      </object_component>
      <object_component id="oc-f7">
         <name>.debug_info</name>
         <load_address>0x69ee</load_address>
         <run_address>0x69ee</run_address>
         <size>0xf1</size>
         <input_file_ref idref="fl-b"/>
      </object_component>
      <object_component id="oc-80">
         <name>.debug_info</name>
         <load_address>0x6adf</load_address>
         <run_address>0x6adf</run_address>
         <size>0x4208</size>
         <input_file_ref idref="fl-b"/>
      </object_component>
      <object_component id="oc-d7">
         <name>.debug_info</name>
         <load_address>0xace7</load_address>
         <run_address>0xace7</run_address>
         <size>0x30c</size>
         <input_file_ref idref="fl-b"/>
      </object_component>
      <object_component id="oc-17e">
         <name>.debug_info</name>
         <load_address>0xaff3</load_address>
         <run_address>0xaff3</run_address>
         <size>0x4f</size>
         <input_file_ref idref="fl-b"/>
      </object_component>
      <object_component id="oc-18d">
         <name>.debug_info</name>
         <load_address>0xb042</load_address>
         <run_address>0xb042</run_address>
         <size>0x11b</size>
         <input_file_ref idref="fl-b"/>
      </object_component>
      <object_component id="oc-47">
         <name>.debug_info</name>
         <load_address>0xb15d</load_address>
         <run_address>0xb15d</run_address>
         <size>0x119</size>
         <input_file_ref idref="fl-c5"/>
      </object_component>
      <object_component id="oc-b9">
         <name>.debug_info</name>
         <load_address>0xb276</load_address>
         <run_address>0xb276</run_address>
         <size>0x147</size>
         <input_file_ref idref="fl-c6"/>
      </object_component>
      <object_component id="oc-b5">
         <name>.debug_info</name>
         <load_address>0xb3bd</load_address>
         <run_address>0xb3bd</run_address>
         <size>0x2d4</size>
         <input_file_ref idref="fl-c7"/>
      </object_component>
      <object_component id="oc-5a">
         <name>.debug_info</name>
         <load_address>0xb691</load_address>
         <run_address>0xb691</run_address>
         <size>0x1b5</size>
         <input_file_ref idref="fl-c7"/>
      </object_component>
      <object_component id="oc-b0">
         <name>.debug_info</name>
         <load_address>0xb846</load_address>
         <run_address>0xb846</run_address>
         <size>0x46</size>
         <input_file_ref idref="fl-c7"/>
      </object_component>
      <object_component id="oc-128">
         <name>.debug_info</name>
         <load_address>0xb88c</load_address>
         <run_address>0xb88c</run_address>
         <size>0x2c</size>
         <input_file_ref idref="fl-c7"/>
      </object_component>
      <object_component id="oc-51">
         <name>.debug_info</name>
         <load_address>0xb8b8</load_address>
         <run_address>0xb8b8</run_address>
         <size>0x2a8</size>
         <input_file_ref idref="fl-c8"/>
      </object_component>
      <object_component id="oc-1c">
         <name>.debug_info</name>
         <load_address>0xbb60</load_address>
         <run_address>0xbb60</run_address>
         <size>0x1ea</size>
         <input_file_ref idref="fl-c8"/>
      </object_component>
      <object_component id="oc-4c">
         <name>.debug_info</name>
         <load_address>0xbd4a</load_address>
         <run_address>0xbd4a</run_address>
         <size>0x46</size>
         <input_file_ref idref="fl-c8"/>
      </object_component>
      <object_component id="oc-a8">
         <name>.debug_info</name>
         <load_address>0xbd90</load_address>
         <run_address>0xbd90</run_address>
         <size>0x2c</size>
         <input_file_ref idref="fl-c8"/>
      </object_component>
      <object_component id="oc-a6">
         <name>.debug_info</name>
         <load_address>0xbdbc</load_address>
         <run_address>0xbdbc</run_address>
         <size>0x29e</size>
         <input_file_ref idref="fl-c9"/>
      </object_component>
      <object_component id="oc-17">
         <name>.debug_info</name>
         <load_address>0xc05a</load_address>
         <run_address>0xc05a</run_address>
         <size>0x250</size>
         <input_file_ref idref="fl-c9"/>
      </object_component>
      <object_component id="oc-3c">
         <name>.debug_info</name>
         <load_address>0xc2aa</load_address>
         <run_address>0xc2aa</run_address>
         <size>0x60</size>
         <input_file_ref idref="fl-c9"/>
      </object_component>
      <object_component id="oc-121">
         <name>.debug_info</name>
         <load_address>0xc30a</load_address>
         <run_address>0xc30a</run_address>
         <size>0x46</size>
         <input_file_ref idref="fl-c9"/>
      </object_component>
      <object_component id="oc-a1">
         <name>.debug_info</name>
         <load_address>0xc350</load_address>
         <run_address>0xc350</run_address>
         <size>0x39</size>
         <input_file_ref idref="fl-c9"/>
      </object_component>
      <object_component id="oc-25">
         <name>.debug_info</name>
         <load_address>0xc389</load_address>
         <run_address>0xc389</run_address>
         <size>0x10b</size>
         <input_file_ref idref="fl-ca"/>
      </object_component>
      <object_component id="oc-68">
         <name>.debug_info</name>
         <load_address>0xc494</load_address>
         <run_address>0xc494</run_address>
         <size>0x1a9</size>
         <input_file_ref idref="fl-ca"/>
      </object_component>
      <object_component id="oc-1d1">
         <name>.debug_info</name>
         <load_address>0xc63d</load_address>
         <run_address>0xc63d</run_address>
         <size>0x4b3</size>
         <input_file_ref idref="fl-cb"/>
      </object_component>
      <object_component id="oc-14c">
         <name>.debug_info</name>
         <load_address>0xcaf0</load_address>
         <run_address>0xcaf0</run_address>
         <size>0x1a6</size>
         <input_file_ref idref="fl-cb"/>
      </object_component>
      <object_component id="oc-20f">
         <name>.debug_info</name>
         <load_address>0xcc96</load_address>
         <run_address>0xcc96</run_address>
         <size>0x39</size>
         <input_file_ref idref="fl-cb"/>
      </object_component>
      <object_component id="oc-22f">
         <name>.debug_info</name>
         <load_address>0xcccf</load_address>
         <run_address>0xcccf</run_address>
         <size>0x39</size>
         <input_file_ref idref="fl-cb"/>
      </object_component>
      <object_component id="oc-214">
         <name>.debug_info</name>
         <load_address>0xcd08</load_address>
         <run_address>0xcd08</run_address>
         <size>0x39</size>
         <input_file_ref idref="fl-cb"/>
      </object_component>
      <object_component id="oc-219">
         <name>.debug_info</name>
         <load_address>0xcd41</load_address>
         <run_address>0xcd41</run_address>
         <size>0xcd</size>
         <input_file_ref idref="fl-cb"/>
      </object_component>
      <object_component id="oc-bf">
         <name>.debug_info</name>
         <load_address>0xce0e</load_address>
         <run_address>0xce0e</run_address>
         <size>0x153</size>
         <input_file_ref idref="fl-cc"/>
      </object_component>
      <object_component id="oc-141">
         <name>.debug_info</name>
         <load_address>0xcf61</load_address>
         <run_address>0xcf61</run_address>
         <size>0x122</size>
         <input_file_ref idref="fl-ce"/>
      </object_component>
      <object_component id="oc-26a">
         <name>.debug_info</name>
         <load_address>0xd083</load_address>
         <run_address>0xd083</run_address>
         <size>0xac</size>
      </object_component>
      <object_component id="oc-1b8">
         <name>.debug_line</name>
         <load_address>0x0</load_address>
         <run_address>0x0</run_address>
         <size>0x52</size>
         <input_file_ref idref="fl-2"/>
      </object_component>
      <object_component id="oc-1ee">
         <name>.debug_line</name>
         <load_address>0x52</load_address>
         <run_address>0x52</run_address>
         <size>0x2f</size>
         <input_file_ref idref="fl-2"/>
      </object_component>
      <object_component id="oc-1ea">
         <name>.debug_line</name>
         <load_address>0x81</load_address>
         <run_address>0x81</run_address>
         <size>0x2f</size>
         <input_file_ref idref="fl-2"/>
      </object_component>
      <object_component id="oc-1ec">
         <name>.debug_line</name>
         <load_address>0xb0</load_address>
         <run_address>0xb0</run_address>
         <size>0x2f</size>
         <input_file_ref idref="fl-2"/>
      </object_component>
      <object_component id="oc-1e8">
         <name>.debug_line</name>
         <load_address>0xdf</load_address>
         <run_address>0xdf</run_address>
         <size>0x2f</size>
         <input_file_ref idref="fl-2"/>
      </object_component>
      <object_component id="oc-e2">
         <name>.debug_line</name>
         <load_address>0x10e</load_address>
         <run_address>0x10e</run_address>
         <size>0x106</size>
         <input_file_ref idref="fl-2"/>
      </object_component>
      <object_component id="oc-10f">
         <name>.debug_line</name>
         <load_address>0x214</load_address>
         <run_address>0x214</run_address>
         <size>0x52</size>
         <input_file_ref idref="fl-2"/>
      </object_component>
      <object_component id="oc-186">
         <name>.debug_line</name>
         <load_address>0x266</load_address>
         <run_address>0x266</run_address>
         <size>0x6b</size>
         <input_file_ref idref="fl-2"/>
      </object_component>
      <object_component id="oc-9a">
         <name>.debug_line</name>
         <load_address>0x2d1</load_address>
         <run_address>0x2d1</run_address>
         <size>0x6f</size>
         <input_file_ref idref="fl-2"/>
      </object_component>
      <object_component id="oc-195">
         <name>.debug_line</name>
         <load_address>0x340</load_address>
         <run_address>0x340</run_address>
         <size>0x56</size>
         <input_file_ref idref="fl-2"/>
      </object_component>
      <object_component id="oc-1bc">
         <name>.debug_line</name>
         <load_address>0x396</load_address>
         <run_address>0x396</run_address>
         <size>0x2f</size>
         <input_file_ref idref="fl-2"/>
      </object_component>
      <object_component id="oc-44">
         <name>.debug_line</name>
         <load_address>0x3c5</load_address>
         <run_address>0x3c5</run_address>
         <size>0x20</size>
         <input_file_ref idref="fl-2"/>
      </object_component>
      <object_component id="oc-8e">
         <name>.debug_line</name>
         <load_address>0x3e5</load_address>
         <run_address>0x3e5</run_address>
         <size>0x56</size>
         <input_file_ref idref="fl-2"/>
      </object_component>
      <object_component id="oc-11f">
         <name>.debug_line</name>
         <load_address>0x43b</load_address>
         <run_address>0x43b</run_address>
         <size>0x73</size>
         <input_file_ref idref="fl-2"/>
      </object_component>
      <object_component id="oc-9f">
         <name>.debug_line</name>
         <load_address>0x4ae</load_address>
         <run_address>0x4ae</run_address>
         <size>0x70</size>
         <input_file_ref idref="fl-2"/>
      </object_component>
      <object_component id="oc-93">
         <name>.debug_line</name>
         <load_address>0x51e</load_address>
         <run_address>0x51e</run_address>
         <size>0x67</size>
         <input_file_ref idref="fl-2"/>
      </object_component>
      <object_component id="oc-114">
         <name>.debug_line</name>
         <load_address>0x585</load_address>
         <run_address>0x585</run_address>
         <size>0x52</size>
         <input_file_ref idref="fl-2"/>
      </object_component>
      <object_component id="oc-1f0">
         <name>.debug_line</name>
         <load_address>0x5d7</load_address>
         <run_address>0x5d7</run_address>
         <size>0x20</size>
         <input_file_ref idref="fl-3"/>
      </object_component>
      <object_component id="oc-e5">
         <name>.debug_line</name>
         <load_address>0x5f7</load_address>
         <run_address>0x5f7</run_address>
         <size>0xe0</size>
         <input_file_ref idref="fl-3"/>
      </object_component>
      <object_component id="oc-1f2">
         <name>.debug_line</name>
         <load_address>0x6d7</load_address>
         <run_address>0x6d7</run_address>
         <size>0x79</size>
         <input_file_ref idref="fl-4"/>
      </object_component>
      <object_component id="oc-c7">
         <name>.debug_line</name>
         <load_address>0x750</load_address>
         <run_address>0x750</run_address>
         <size>0x84</size>
         <input_file_ref idref="fl-4"/>
      </object_component>
      <object_component id="oc-119">
         <name>.debug_line</name>
         <load_address>0x7d4</load_address>
         <run_address>0x7d4</run_address>
         <size>0x56</size>
         <input_file_ref idref="fl-4"/>
      </object_component>
      <object_component id="oc-1c3">
         <name>.debug_line</name>
         <load_address>0x82a</load_address>
         <run_address>0x82a</run_address>
         <size>0x31</size>
         <input_file_ref idref="fl-4"/>
      </object_component>
      <object_component id="oc-10a">
         <name>.debug_line</name>
         <load_address>0x85b</load_address>
         <run_address>0x85b</run_address>
         <size>0x6b</size>
         <input_file_ref idref="fl-4"/>
      </object_component>
      <object_component id="oc-106">
         <name>.debug_line</name>
         <load_address>0x8c6</load_address>
         <run_address>0x8c6</run_address>
         <size>0x5f</size>
         <input_file_ref idref="fl-5"/>
      </object_component>
      <object_component id="oc-dd">
         <name>.debug_line</name>
         <load_address>0x925</load_address>
         <run_address>0x925</run_address>
         <size>0x2d</size>
         <input_file_ref idref="fl-5"/>
      </object_component>
      <object_component id="oc-104">
         <name>.debug_line</name>
         <load_address>0x952</load_address>
         <run_address>0x952</run_address>
         <size>0x2d</size>
         <input_file_ref idref="fl-5"/>
      </object_component>
      <object_component id="oc-34">
         <name>.debug_line</name>
         <load_address>0x97f</load_address>
         <run_address>0x97f</run_address>
         <size>0x12f</size>
         <input_file_ref idref="fl-5"/>
      </object_component>
      <object_component id="oc-2e">
         <name>.debug_line</name>
         <load_address>0xaae</load_address>
         <run_address>0xaae</run_address>
         <size>0xc2</size>
         <input_file_ref idref="fl-6"/>
      </object_component>
      <object_component id="oc-221">
         <name>.debug_line</name>
         <load_address>0xb70</load_address>
         <run_address>0xb70</run_address>
         <size>0x101</size>
         <input_file_ref idref="fl-7"/>
      </object_component>
      <object_component id="oc-225">
         <name>.debug_line</name>
         <load_address>0xc71</load_address>
         <run_address>0xc71</run_address>
         <size>0x2e</size>
         <input_file_ref idref="fl-7"/>
      </object_component>
      <object_component id="oc-22a">
         <name>.debug_line</name>
         <load_address>0xc9f</load_address>
         <run_address>0xc9f</run_address>
         <size>0x53</size>
         <input_file_ref idref="fl-7"/>
      </object_component>
      <object_component id="oc-18b">
         <name>.debug_line</name>
         <load_address>0xcf2</load_address>
         <run_address>0xcf2</run_address>
         <size>0x74</size>
         <input_file_ref idref="fl-7"/>
      </object_component>
      <object_component id="oc-96">
         <name>.debug_line</name>
         <load_address>0xd66</load_address>
         <run_address>0xd66</run_address>
         <size>0x34</size>
         <input_file_ref idref="fl-8"/>
      </object_component>
      <object_component id="oc-39">
         <name>.debug_line</name>
         <load_address>0xd9a</load_address>
         <run_address>0xd9a</run_address>
         <size>0x34</size>
         <input_file_ref idref="fl-8"/>
      </object_component>
      <object_component id="oc-2c">
         <name>.debug_line</name>
         <load_address>0xdce</load_address>
         <run_address>0xdce</run_address>
         <size>0x94</size>
         <input_file_ref idref="fl-8"/>
      </object_component>
      <object_component id="oc-1f4">
         <name>.debug_line</name>
         <load_address>0xe62</load_address>
         <run_address>0xe62</run_address>
         <size>0x52</size>
         <input_file_ref idref="fl-9"/>
      </object_component>
      <object_component id="oc-13c">
         <name>.debug_line</name>
         <load_address>0xeb4</load_address>
         <run_address>0xeb4</run_address>
         <size>0x70</size>
         <input_file_ref idref="fl-9"/>
      </object_component>
      <object_component id="oc-1fd">
         <name>.debug_line</name>
         <load_address>0xf24</load_address>
         <run_address>0xf24</run_address>
         <size>0x52</size>
         <input_file_ref idref="fl-9"/>
      </object_component>
      <object_component id="oc-1f8">
         <name>.debug_line</name>
         <load_address>0xf76</load_address>
         <run_address>0xf76</run_address>
         <size>0x53</size>
         <input_file_ref idref="fl-9"/>
      </object_component>
      <object_component id="oc-132">
         <name>.debug_line</name>
         <load_address>0xfc9</load_address>
         <run_address>0xfc9</run_address>
         <size>0x53</size>
         <input_file_ref idref="fl-a"/>
      </object_component>
      <object_component id="oc-17d">
         <name>.debug_line</name>
         <load_address>0x101c</load_address>
         <run_address>0x101c</run_address>
         <size>0x11a</size>
         <input_file_ref idref="fl-b"/>
      </object_component>
      <object_component id="oc-d5">
         <name>.debug_line</name>
         <load_address>0x1136</load_address>
         <run_address>0x1136</run_address>
         <size>0x2e</size>
         <input_file_ref idref="fl-b"/>
      </object_component>
      <object_component id="oc-1a7">
         <name>.debug_line</name>
         <load_address>0x1164</load_address>
         <run_address>0x1164</run_address>
         <size>0x2e</size>
         <input_file_ref idref="fl-b"/>
      </object_component>
      <object_component id="oc-1b3">
         <name>.debug_line</name>
         <load_address>0x1192</load_address>
         <run_address>0x1192</run_address>
         <size>0x2e</size>
         <input_file_ref idref="fl-b"/>
      </object_component>
      <object_component id="oc-1b5">
         <name>.debug_line</name>
         <load_address>0x11c0</load_address>
         <run_address>0x11c0</run_address>
         <size>0x2e</size>
         <input_file_ref idref="fl-b"/>
      </object_component>
      <object_component id="oc-1b1">
         <name>.debug_line</name>
         <load_address>0x11ee</load_address>
         <run_address>0x11ee</run_address>
         <size>0x2e</size>
         <input_file_ref idref="fl-b"/>
      </object_component>
      <object_component id="oc-1ad">
         <name>.debug_line</name>
         <load_address>0x121c</load_address>
         <run_address>0x121c</run_address>
         <size>0x2e</size>
         <input_file_ref idref="fl-b"/>
      </object_component>
      <object_component id="oc-1a9">
         <name>.debug_line</name>
         <load_address>0x124a</load_address>
         <run_address>0x124a</run_address>
         <size>0x2e</size>
         <input_file_ref idref="fl-b"/>
      </object_component>
      <object_component id="oc-1ab">
         <name>.debug_line</name>
         <load_address>0x1278</load_address>
         <run_address>0x1278</run_address>
         <size>0x2e</size>
         <input_file_ref idref="fl-b"/>
      </object_component>
      <object_component id="oc-1af">
         <name>.debug_line</name>
         <load_address>0x12a6</load_address>
         <run_address>0x12a6</run_address>
         <size>0x2e</size>
         <input_file_ref idref="fl-b"/>
      </object_component>
      <object_component id="oc-83">
         <name>.debug_line</name>
         <load_address>0x12d4</load_address>
         <run_address>0x12d4</run_address>
         <size>0xb5c</size>
         <input_file_ref idref="fl-b"/>
      </object_component>
      <object_component id="oc-da">
         <name>.debug_line</name>
         <load_address>0x1e30</load_address>
         <run_address>0x1e30</run_address>
         <size>0x52</size>
         <input_file_ref idref="fl-b"/>
      </object_component>
      <object_component id="oc-181">
         <name>.debug_line</name>
         <load_address>0x1e82</load_address>
         <run_address>0x1e82</run_address>
         <size>0x54</size>
         <input_file_ref idref="fl-b"/>
      </object_component>
      <object_component id="oc-190">
         <name>.debug_line</name>
         <load_address>0x1ed6</load_address>
         <run_address>0x1ed6</run_address>
         <size>0x2e</size>
         <input_file_ref idref="fl-b"/>
      </object_component>
      <object_component id="oc-4a">
         <name>.debug_line</name>
         <load_address>0x1f04</load_address>
         <run_address>0x1f04</run_address>
         <size>0x88</size>
         <input_file_ref idref="fl-c5"/>
      </object_component>
      <object_component id="oc-b8">
         <name>.debug_line</name>
         <load_address>0x1f8c</load_address>
         <run_address>0x1f8c</run_address>
         <size>0x79</size>
         <input_file_ref idref="fl-c6"/>
      </object_component>
      <object_component id="oc-12e">
         <name>.debug_line</name>
         <load_address>0x2005</load_address>
         <run_address>0x2005</run_address>
         <size>0x92</size>
         <input_file_ref idref="fl-c7"/>
      </object_component>
      <object_component id="oc-5d">
         <name>.debug_line</name>
         <load_address>0x2097</load_address>
         <run_address>0x2097</run_address>
         <size>0x53</size>
         <input_file_ref idref="fl-c7"/>
      </object_component>
      <object_component id="oc-b3">
         <name>.debug_line</name>
         <load_address>0x20ea</load_address>
         <run_address>0x20ea</run_address>
         <size>0x34</size>
         <input_file_ref idref="fl-c7"/>
      </object_component>
      <object_component id="oc-12b">
         <name>.debug_line</name>
         <load_address>0x211e</load_address>
         <run_address>0x211e</run_address>
         <size>0x92</size>
         <input_file_ref idref="fl-c7"/>
      </object_component>
      <object_component id="oc-ae">
         <name>.debug_line</name>
         <load_address>0x21b0</load_address>
         <run_address>0x21b0</run_address>
         <size>0x20</size>
         <input_file_ref idref="fl-c8"/>
      </object_component>
      <object_component id="oc-20">
         <name>.debug_line</name>
         <load_address>0x21d0</load_address>
         <run_address>0x21d0</run_address>
         <size>0x55</size>
         <input_file_ref idref="fl-c8"/>
      </object_component>
      <object_component id="oc-4f">
         <name>.debug_line</name>
         <load_address>0x2225</load_address>
         <run_address>0x2225</run_address>
         <size>0x3a</size>
         <input_file_ref idref="fl-c8"/>
      </object_component>
      <object_component id="oc-ab">
         <name>.debug_line</name>
         <load_address>0x225f</load_address>
         <run_address>0x225f</run_address>
         <size>0x92</size>
         <input_file_ref idref="fl-c8"/>
      </object_component>
      <object_component id="oc-127">
         <name>.debug_line</name>
         <load_address>0x22f1</load_address>
         <run_address>0x22f1</run_address>
         <size>0x20</size>
         <input_file_ref idref="fl-c9"/>
      </object_component>
      <object_component id="oc-1a">
         <name>.debug_line</name>
         <load_address>0x2311</load_address>
         <run_address>0x2311</run_address>
         <size>0xa9</size>
         <input_file_ref idref="fl-c9"/>
      </object_component>
      <object_component id="oc-3f">
         <name>.debug_line</name>
         <load_address>0x23ba</load_address>
         <run_address>0x23ba</run_address>
         <size>0x3a</size>
         <input_file_ref idref="fl-c9"/>
      </object_component>
      <object_component id="oc-124">
         <name>.debug_line</name>
         <load_address>0x23f4</load_address>
         <run_address>0x23f4</run_address>
         <size>0x9a</size>
         <input_file_ref idref="fl-c9"/>
      </object_component>
      <object_component id="oc-a4">
         <name>.debug_line</name>
         <load_address>0x248e</load_address>
         <run_address>0x248e</run_address>
         <size>0x96</size>
         <input_file_ref idref="fl-c9"/>
      </object_component>
      <object_component id="oc-77">
         <name>.debug_line</name>
         <load_address>0x2524</load_address>
         <run_address>0x2524</run_address>
         <size>0x33</size>
         <input_file_ref idref="fl-ca"/>
      </object_component>
      <object_component id="oc-66">
         <name>.debug_line</name>
         <load_address>0x2557</load_address>
         <run_address>0x2557</run_address>
         <size>0x45</size>
         <input_file_ref idref="fl-ca"/>
      </object_component>
      <object_component id="oc-20e">
         <name>.debug_line</name>
         <load_address>0x259c</load_address>
         <run_address>0x259c</run_address>
         <size>0xbf</size>
         <input_file_ref idref="fl-cb"/>
      </object_component>
      <object_component id="oc-14b">
         <name>.debug_line</name>
         <load_address>0x265b</load_address>
         <run_address>0x265b</run_address>
         <size>0x6f</size>
         <input_file_ref idref="fl-cb"/>
      </object_component>
      <object_component id="oc-212">
         <name>.debug_line</name>
         <load_address>0x26ca</load_address>
         <run_address>0x26ca</run_address>
         <size>0x2e</size>
         <input_file_ref idref="fl-cb"/>
      </object_component>
      <object_component id="oc-232">
         <name>.debug_line</name>
         <load_address>0x26f8</load_address>
         <run_address>0x26f8</run_address>
         <size>0x9a</size>
         <input_file_ref idref="fl-cb"/>
      </object_component>
      <object_component id="oc-217">
         <name>.debug_line</name>
         <load_address>0x2792</load_address>
         <run_address>0x2792</run_address>
         <size>0x97</size>
         <input_file_ref idref="fl-cb"/>
      </object_component>
      <object_component id="oc-21c">
         <name>.debug_line</name>
         <load_address>0x2829</load_address>
         <run_address>0x2829</run_address>
         <size>0x93</size>
         <input_file_ref idref="fl-cb"/>
      </object_component>
      <object_component id="oc-c1">
         <name>.debug_line</name>
         <load_address>0x28bc</load_address>
         <run_address>0x28bc</run_address>
         <size>0x40</size>
         <input_file_ref idref="fl-cc"/>
      </object_component>
      <object_component id="oc-140">
         <name>.debug_line</name>
         <load_address>0x28fc</load_address>
         <run_address>0x28fc</run_address>
         <size>0x3c</size>
         <input_file_ref idref="fl-ce"/>
      </object_component>
      <object_component id="oc-e3">
         <name>.debug_frame</name>
         <load_address>0x0</load_address>
         <run_address>0x0</run_address>
         <size>0xbc</size>
         <input_file_ref idref="fl-2"/>
      </object_component>
      <object_component id="oc-e6">
         <name>.debug_frame</name>
         <load_address>0xbc</load_address>
         <run_address>0xbc</run_address>
         <size>0xb8</size>
         <input_file_ref idref="fl-3"/>
      </object_component>
      <object_component id="oc-c6">
         <name>.debug_frame</name>
         <load_address>0x174</load_address>
         <run_address>0x174</run_address>
         <size>0x8c</size>
         <input_file_ref idref="fl-4"/>
      </object_component>
      <object_component id="oc-33">
         <name>.debug_frame</name>
         <load_address>0x200</load_address>
         <run_address>0x200</run_address>
         <size>0xec</size>
         <input_file_ref idref="fl-5"/>
      </object_component>
      <object_component id="oc-2b">
         <name>.debug_frame</name>
         <load_address>0x2ec</load_address>
         <run_address>0x2ec</run_address>
         <size>0x90</size>
         <input_file_ref idref="fl-8"/>
      </object_component>
      <object_component id="oc-13b">
         <name>.debug_frame</name>
         <load_address>0x37c</load_address>
         <run_address>0x37c</run_address>
         <size>0x70</size>
         <input_file_ref idref="fl-9"/>
      </object_component>
      <object_component id="oc-136">
         <name>.debug_frame</name>
         <load_address>0x3ec</load_address>
         <run_address>0x3ec</run_address>
         <size>0x54</size>
         <input_file_ref idref="fl-a"/>
      </object_component>
      <object_component id="oc-84">
         <name>.debug_frame</name>
         <load_address>0x440</load_address>
         <run_address>0x440</run_address>
         <size>0x5a4</size>
         <input_file_ref idref="fl-b"/>
      </object_component>
      <object_component id="oc-5c">
         <name>.debug_frame</name>
         <load_address>0x9e4</load_address>
         <run_address>0x9e4</run_address>
         <size>0x54</size>
         <input_file_ref idref="fl-c7"/>
      </object_component>
      <object_component id="oc-1f">
         <name>.debug_frame</name>
         <load_address>0xa38</load_address>
         <run_address>0xa38</run_address>
         <size>0x54</size>
         <input_file_ref idref="fl-c8"/>
      </object_component>
      <object_component id="oc-16">
         <name>.debug_frame</name>
         <load_address>0xa8c</load_address>
         <run_address>0xa8c</run_address>
         <size>0x60</size>
         <input_file_ref idref="fl-c9"/>
      </object_component>
      <object_component id="oc-67">
         <name>.debug_frame</name>
         <load_address>0xaec</load_address>
         <run_address>0xaec</run_address>
         <size>0x50</size>
         <input_file_ref idref="fl-ca"/>
      </object_component>
      <object_component id="oc-14f">
         <name>.debug_frame</name>
         <load_address>0xb3c</load_address>
         <run_address>0xb3c</run_address>
         <size>0x5c</size>
         <input_file_ref idref="fl-cb"/>
      </object_component>
      <object_component id="oc-be">
         <name>.debug_frame</name>
         <load_address>0xb98</load_address>
         <run_address>0xb98</run_address>
         <size>0x54</size>
         <input_file_ref idref="fl-cc"/>
      </object_component>
      <object_component id="oc-143">
         <name>.debug_frame</name>
         <load_address>0xbec</load_address>
         <run_address>0xbec</run_address>
         <size>0x54</size>
         <input_file_ref idref="fl-ce"/>
      </object_component>
      <object_component id="oc-1b7">
         <name>.debug_abbrev</name>
         <load_address>0x0</load_address>
         <run_address>0x0</run_address>
         <size>0xbf</size>
         <input_file_ref idref="fl-2"/>
      </object_component>
      <object_component id="oc-1ed">
         <name>.debug_abbrev</name>
         <load_address>0xbf</load_address>
         <run_address>0xbf</run_address>
         <size>0x27</size>
         <input_file_ref idref="fl-2"/>
      </object_component>
      <object_component id="oc-1e9">
         <name>.debug_abbrev</name>
         <load_address>0xe6</load_address>
         <run_address>0xe6</run_address>
         <size>0x27</size>
         <input_file_ref idref="fl-2"/>
      </object_component>
      <object_component id="oc-1eb">
         <name>.debug_abbrev</name>
         <load_address>0x10d</load_address>
         <run_address>0x10d</run_address>
         <size>0x27</size>
         <input_file_ref idref="fl-2"/>
      </object_component>
      <object_component id="oc-1e7">
         <name>.debug_abbrev</name>
         <load_address>0x134</load_address>
         <run_address>0x134</run_address>
         <size>0x27</size>
         <input_file_ref idref="fl-2"/>
      </object_component>
      <object_component id="oc-1a3">
         <name>.debug_abbrev</name>
         <load_address>0x15b</load_address>
         <run_address>0x15b</run_address>
         <size>0x10c</size>
         <input_file_ref idref="fl-2"/>
      </object_component>
      <object_component id="oc-10e">
         <name>.debug_abbrev</name>
         <load_address>0x267</load_address>
         <run_address>0x267</run_address>
         <size>0x9f</size>
         <input_file_ref idref="fl-2"/>
      </object_component>
      <object_component id="oc-185">
         <name>.debug_abbrev</name>
         <load_address>0x306</load_address>
         <run_address>0x306</run_address>
         <size>0x5a</size>
         <input_file_ref idref="fl-2"/>
      </object_component>
      <object_component id="oc-99">
         <name>.debug_abbrev</name>
         <load_address>0x360</load_address>
         <run_address>0x360</run_address>
         <size>0x69</size>
         <input_file_ref idref="fl-2"/>
      </object_component>
      <object_component id="oc-194">
         <name>.debug_abbrev</name>
         <load_address>0x3c9</load_address>
         <run_address>0x3c9</run_address>
         <size>0x70</size>
         <input_file_ref idref="fl-2"/>
      </object_component>
      <object_component id="oc-1bb">
         <name>.debug_abbrev</name>
         <load_address>0x439</load_address>
         <run_address>0x439</run_address>
         <size>0x4b</size>
         <input_file_ref idref="fl-2"/>
      </object_component>
      <object_component id="oc-43">
         <name>.debug_abbrev</name>
         <load_address>0x484</load_address>
         <run_address>0x484</run_address>
         <size>0x1f</size>
         <input_file_ref idref="fl-2"/>
      </object_component>
      <object_component id="oc-8d">
         <name>.debug_abbrev</name>
         <load_address>0x4a3</load_address>
         <run_address>0x4a3</run_address>
         <size>0x24</size>
         <input_file_ref idref="fl-2"/>
      </object_component>
      <object_component id="oc-11e">
         <name>.debug_abbrev</name>
         <load_address>0x4c7</load_address>
         <run_address>0x4c7</run_address>
         <size>0x5c</size>
         <input_file_ref idref="fl-2"/>
      </object_component>
      <object_component id="oc-9e">
         <name>.debug_abbrev</name>
         <load_address>0x523</load_address>
         <run_address>0x523</run_address>
         <size>0x24</size>
         <input_file_ref idref="fl-2"/>
      </object_component>
      <object_component id="oc-92">
         <name>.debug_abbrev</name>
         <load_address>0x547</load_address>
         <run_address>0x547</run_address>
         <size>0x24</size>
         <input_file_ref idref="fl-2"/>
      </object_component>
      <object_component id="oc-113">
         <name>.debug_abbrev</name>
         <load_address>0x56b</load_address>
         <run_address>0x56b</run_address>
         <size>0x61</size>
         <input_file_ref idref="fl-2"/>
      </object_component>
      <object_component id="oc-1ef">
         <name>.debug_abbrev</name>
         <load_address>0x5cc</load_address>
         <run_address>0x5cc</run_address>
         <size>0x88</size>
         <input_file_ref idref="fl-3"/>
      </object_component>
      <object_component id="oc-1a4">
         <name>.debug_abbrev</name>
         <load_address>0x654</load_address>
         <run_address>0x654</run_address>
         <size>0x9b</size>
         <input_file_ref idref="fl-3"/>
      </object_component>
      <object_component id="oc-1f1">
         <name>.debug_abbrev</name>
         <load_address>0x6ef</load_address>
         <run_address>0x6ef</run_address>
         <size>0xde</size>
         <input_file_ref idref="fl-4"/>
      </object_component>
      <object_component id="oc-13d">
         <name>.debug_abbrev</name>
         <load_address>0x7cd</load_address>
         <run_address>0x7cd</run_address>
         <size>0xc6</size>
         <input_file_ref idref="fl-4"/>
      </object_component>
      <object_component id="oc-118">
         <name>.debug_abbrev</name>
         <load_address>0x893</load_address>
         <run_address>0x893</run_address>
         <size>0x70</size>
         <input_file_ref idref="fl-4"/>
      </object_component>
      <object_component id="oc-1c2">
         <name>.debug_abbrev</name>
         <load_address>0x903</load_address>
         <run_address>0x903</run_address>
         <size>0x24</size>
         <input_file_ref idref="fl-4"/>
      </object_component>
      <object_component id="oc-109">
         <name>.debug_abbrev</name>
         <load_address>0x927</load_address>
         <run_address>0x927</run_address>
         <size>0x24</size>
         <input_file_ref idref="fl-4"/>
      </object_component>
      <object_component id="oc-105">
         <name>.debug_abbrev</name>
         <load_address>0x94b</load_address>
         <run_address>0x94b</run_address>
         <size>0xa4</size>
         <input_file_ref idref="fl-5"/>
      </object_component>
      <object_component id="oc-dc">
         <name>.debug_abbrev</name>
         <load_address>0x9ef</load_address>
         <run_address>0x9ef</run_address>
         <size>0x29</size>
         <input_file_ref idref="fl-5"/>
      </object_component>
      <object_component id="oc-103">
         <name>.debug_abbrev</name>
         <load_address>0xa18</load_address>
         <run_address>0xa18</run_address>
         <size>0x27</size>
         <input_file_ref idref="fl-5"/>
      </object_component>
      <object_component id="oc-89">
         <name>.debug_abbrev</name>
         <load_address>0xa3f</load_address>
         <run_address>0xa3f</run_address>
         <size>0x101</size>
         <input_file_ref idref="fl-5"/>
      </object_component>
      <object_component id="oc-85">
         <name>.debug_abbrev</name>
         <load_address>0xb40</load_address>
         <run_address>0xb40</run_address>
         <size>0x75</size>
         <input_file_ref idref="fl-6"/>
      </object_component>
      <object_component id="oc-220">
         <name>.debug_abbrev</name>
         <load_address>0xbb5</load_address>
         <run_address>0xbb5</run_address>
         <size>0x129</size>
         <input_file_ref idref="fl-7"/>
      </object_component>
      <object_component id="oc-224">
         <name>.debug_abbrev</name>
         <load_address>0xcde</load_address>
         <run_address>0xcde</run_address>
         <size>0x70</size>
         <input_file_ref idref="fl-7"/>
      </object_component>
      <object_component id="oc-229">
         <name>.debug_abbrev</name>
         <load_address>0xd4e</load_address>
         <run_address>0xd4e</run_address>
         <size>0x24</size>
         <input_file_ref idref="fl-7"/>
      </object_component>
      <object_component id="oc-18a">
         <name>.debug_abbrev</name>
         <load_address>0xd72</load_address>
         <run_address>0xd72</run_address>
         <size>0x33</size>
         <input_file_ref idref="fl-7"/>
      </object_component>
      <object_component id="oc-95">
         <name>.debug_abbrev</name>
         <load_address>0xda5</load_address>
         <run_address>0xda5</run_address>
         <size>0x7c</size>
         <input_file_ref idref="fl-8"/>
      </object_component>
      <object_component id="oc-38">
         <name>.debug_abbrev</name>
         <load_address>0xe21</load_address>
         <run_address>0xe21</run_address>
         <size>0x29</size>
         <input_file_ref idref="fl-8"/>
      </object_component>
      <object_component id="oc-78">
         <name>.debug_abbrev</name>
         <load_address>0xe4a</load_address>
         <run_address>0xe4a</run_address>
         <size>0x79</size>
         <input_file_ref idref="fl-8"/>
      </object_component>
      <object_component id="oc-1f3">
         <name>.debug_abbrev</name>
         <load_address>0xec3</load_address>
         <run_address>0xec3</run_address>
         <size>0x90</size>
         <input_file_ref idref="fl-9"/>
      </object_component>
      <object_component id="oc-1bf">
         <name>.debug_abbrev</name>
         <load_address>0xf53</load_address>
         <run_address>0xf53</run_address>
         <size>0x7a</size>
         <input_file_ref idref="fl-9"/>
      </object_component>
      <object_component id="oc-1fc">
         <name>.debug_abbrev</name>
         <load_address>0xfcd</load_address>
         <run_address>0xfcd</run_address>
         <size>0x9f</size>
         <input_file_ref idref="fl-9"/>
      </object_component>
      <object_component id="oc-1f7">
         <name>.debug_abbrev</name>
         <load_address>0x106c</load_address>
         <run_address>0x106c</run_address>
         <size>0x33</size>
         <input_file_ref idref="fl-9"/>
      </object_component>
      <object_component id="oc-1be">
         <name>.debug_abbrev</name>
         <load_address>0x109f</load_address>
         <run_address>0x109f</run_address>
         <size>0x50</size>
         <input_file_ref idref="fl-a"/>
      </object_component>
      <object_component id="oc-17c">
         <name>.debug_abbrev</name>
         <load_address>0x10ef</load_address>
         <run_address>0x10ef</run_address>
         <size>0x11c</size>
         <input_file_ref idref="fl-b"/>
      </object_component>
      <object_component id="oc-d4">
         <name>.debug_abbrev</name>
         <load_address>0x120b</load_address>
         <run_address>0x120b</run_address>
         <size>0x3d</size>
         <input_file_ref idref="fl-b"/>
      </object_component>
      <object_component id="oc-1a6">
         <name>.debug_abbrev</name>
         <load_address>0x1248</load_address>
         <run_address>0x1248</run_address>
         <size>0x27</size>
         <input_file_ref idref="fl-b"/>
      </object_component>
      <object_component id="oc-1b2">
         <name>.debug_abbrev</name>
         <load_address>0x126f</load_address>
         <run_address>0x126f</run_address>
         <size>0x27</size>
         <input_file_ref idref="fl-b"/>
      </object_component>
      <object_component id="oc-1b4">
         <name>.debug_abbrev</name>
         <load_address>0x1296</load_address>
         <run_address>0x1296</run_address>
         <size>0x27</size>
         <input_file_ref idref="fl-b"/>
      </object_component>
      <object_component id="oc-1b0">
         <name>.debug_abbrev</name>
         <load_address>0x12bd</load_address>
         <run_address>0x12bd</run_address>
         <size>0x27</size>
         <input_file_ref idref="fl-b"/>
      </object_component>
      <object_component id="oc-1ac">
         <name>.debug_abbrev</name>
         <load_address>0x12e4</load_address>
         <run_address>0x12e4</run_address>
         <size>0x27</size>
         <input_file_ref idref="fl-b"/>
      </object_component>
      <object_component id="oc-1a8">
         <name>.debug_abbrev</name>
         <load_address>0x130b</load_address>
         <run_address>0x130b</run_address>
         <size>0x27</size>
         <input_file_ref idref="fl-b"/>
      </object_component>
      <object_component id="oc-1aa">
         <name>.debug_abbrev</name>
         <load_address>0x1332</load_address>
         <run_address>0x1332</run_address>
         <size>0x27</size>
         <input_file_ref idref="fl-b"/>
      </object_component>
      <object_component id="oc-1ae">
         <name>.debug_abbrev</name>
         <load_address>0x1359</load_address>
         <run_address>0x1359</run_address>
         <size>0x29</size>
         <input_file_ref idref="fl-b"/>
      </object_component>
      <object_component id="oc-102">
         <name>.debug_abbrev</name>
         <load_address>0x1382</load_address>
         <run_address>0x1382</run_address>
         <size>0x10c</size>
         <input_file_ref idref="fl-b"/>
      </object_component>
      <object_component id="oc-d9">
         <name>.debug_abbrev</name>
         <load_address>0x148e</load_address>
         <run_address>0x148e</run_address>
         <size>0x90</size>
         <input_file_ref idref="fl-b"/>
      </object_component>
      <object_component id="oc-180">
         <name>.debug_abbrev</name>
         <load_address>0x151e</load_address>
         <run_address>0x151e</run_address>
         <size>0x33</size>
         <input_file_ref idref="fl-b"/>
      </object_component>
      <object_component id="oc-18f">
         <name>.debug_abbrev</name>
         <load_address>0x1551</load_address>
         <run_address>0x1551</run_address>
         <size>0x4b</size>
         <input_file_ref idref="fl-b"/>
      </object_component>
      <object_component id="oc-a7">
         <name>.debug_abbrev</name>
         <load_address>0x159c</load_address>
         <run_address>0x159c</run_address>
         <size>0x3e</size>
         <input_file_ref idref="fl-c5"/>
      </object_component>
      <object_component id="oc-12f">
         <name>.debug_abbrev</name>
         <load_address>0x15da</load_address>
         <run_address>0x15da</run_address>
         <size>0x4f</size>
         <input_file_ref idref="fl-c6"/>
      </object_component>
      <object_component id="oc-12d">
         <name>.debug_abbrev</name>
         <load_address>0x1629</load_address>
         <run_address>0x1629</run_address>
         <size>0x5d</size>
         <input_file_ref idref="fl-c7"/>
      </object_component>
      <object_component id="oc-bb">
         <name>.debug_abbrev</name>
         <load_address>0x1686</load_address>
         <run_address>0x1686</run_address>
         <size>0x74</size>
         <input_file_ref idref="fl-c7"/>
      </object_component>
      <object_component id="oc-b2">
         <name>.debug_abbrev</name>
         <load_address>0x16fa</load_address>
         <run_address>0x16fa</run_address>
         <size>0x24</size>
         <input_file_ref idref="fl-c7"/>
      </object_component>
      <object_component id="oc-12a">
         <name>.debug_abbrev</name>
         <load_address>0x171e</load_address>
         <run_address>0x171e</run_address>
         <size>0x24</size>
         <input_file_ref idref="fl-c7"/>
      </object_component>
      <object_component id="oc-ad">
         <name>.debug_abbrev</name>
         <load_address>0x1742</load_address>
         <run_address>0x1742</run_address>
         <size>0x37</size>
         <input_file_ref idref="fl-c8"/>
      </object_component>
      <object_component id="oc-4b">
         <name>.debug_abbrev</name>
         <load_address>0x1779</load_address>
         <run_address>0x1779</run_address>
         <size>0x74</size>
         <input_file_ref idref="fl-c8"/>
      </object_component>
      <object_component id="oc-4e">
         <name>.debug_abbrev</name>
         <load_address>0x17ed</load_address>
         <run_address>0x17ed</run_address>
         <size>0x24</size>
         <input_file_ref idref="fl-c8"/>
      </object_component>
      <object_component id="oc-aa">
         <name>.debug_abbrev</name>
         <load_address>0x1811</load_address>
         <run_address>0x1811</run_address>
         <size>0x24</size>
         <input_file_ref idref="fl-c8"/>
      </object_component>
      <object_component id="oc-126">
         <name>.debug_abbrev</name>
         <load_address>0x1835</load_address>
         <run_address>0x1835</run_address>
         <size>0x37</size>
         <input_file_ref idref="fl-c9"/>
      </object_component>
      <object_component id="oc-3b">
         <name>.debug_abbrev</name>
         <load_address>0x186c</load_address>
         <run_address>0x186c</run_address>
         <size>0x6f</size>
         <input_file_ref idref="fl-c9"/>
      </object_component>
      <object_component id="oc-3e">
         <name>.debug_abbrev</name>
         <load_address>0x18db</load_address>
         <run_address>0x18db</run_address>
         <size>0x24</size>
         <input_file_ref idref="fl-c9"/>
      </object_component>
      <object_component id="oc-123">
         <name>.debug_abbrev</name>
         <load_address>0x18ff</load_address>
         <run_address>0x18ff</run_address>
         <size>0x35</size>
         <input_file_ref idref="fl-c9"/>
      </object_component>
      <object_component id="oc-a3">
         <name>.debug_abbrev</name>
         <load_address>0x1934</load_address>
         <run_address>0x1934</run_address>
         <size>0x24</size>
         <input_file_ref idref="fl-c9"/>
      </object_component>
      <object_component id="oc-76">
         <name>.debug_abbrev</name>
         <load_address>0x1958</load_address>
         <run_address>0x1958</run_address>
         <size>0x29</size>
         <input_file_ref idref="fl-ca"/>
      </object_component>
      <object_component id="oc-cb">
         <name>.debug_abbrev</name>
         <load_address>0x1981</load_address>
         <run_address>0x1981</run_address>
         <size>0x55</size>
         <input_file_ref idref="fl-ca"/>
      </object_component>
      <object_component id="oc-20d">
         <name>.debug_abbrev</name>
         <load_address>0x19d6</load_address>
         <run_address>0x19d6</run_address>
         <size>0xc0</size>
         <input_file_ref idref="fl-cb"/>
      </object_component>
      <object_component id="oc-1d0">
         <name>.debug_abbrev</name>
         <load_address>0x1a96</load_address>
         <run_address>0x1a96</run_address>
         <size>0x7e</size>
         <input_file_ref idref="fl-cb"/>
      </object_component>
      <object_component id="oc-211">
         <name>.debug_abbrev</name>
         <load_address>0x1b14</load_address>
         <run_address>0x1b14</run_address>
         <size>0x24</size>
         <input_file_ref idref="fl-cb"/>
      </object_component>
      <object_component id="oc-231">
         <name>.debug_abbrev</name>
         <load_address>0x1b38</load_address>
         <run_address>0x1b38</run_address>
         <size>0x24</size>
         <input_file_ref idref="fl-cb"/>
      </object_component>
      <object_component id="oc-216">
         <name>.debug_abbrev</name>
         <load_address>0x1b5c</load_address>
         <run_address>0x1b5c</run_address>
         <size>0x24</size>
         <input_file_ref idref="fl-cb"/>
      </object_component>
      <object_component id="oc-21b">
         <name>.debug_abbrev</name>
         <load_address>0x1b80</load_address>
         <run_address>0x1b80</run_address>
         <size>0x4b</size>
         <input_file_ref idref="fl-cb"/>
      </object_component>
      <object_component id="oc-130">
         <name>.debug_abbrev</name>
         <load_address>0x1bcb</load_address>
         <run_address>0x1bcb</run_address>
         <size>0x55</size>
         <input_file_ref idref="fl-cc"/>
      </object_component>
      <object_component id="oc-1c6">
         <name>.debug_abbrev</name>
         <load_address>0x1c20</load_address>
         <run_address>0x1c20</run_address>
         <size>0x45</size>
         <input_file_ref idref="fl-ce"/>
      </object_component>
      <object_component id="oc-26b">
         <name>.debug_abbrev</name>
[...]
               <logical_group_ref idref="lg-6"/>
            </allocated_space>
            <available_space>
               <start_address>0x2850</start_address>
               <size>0x3d7b0</size>
            </available_space>
         </usage_details>
      </memory_area>
      <memory_area display="yes" color="green">
         <name>SRAM</name>
         <page_id>0x0</page_id>
         <origin>0x20000000</origin>
         <length>0x8000</length>
         <used_space>0x1edc</used_space>
         <unused_space>0x6124</unused_space>
         <attributes>RWX</attributes>
         <usage_details>
            <allocated_space>
               <start_address>0x20000000</start_address>
               <size>0x0</size>
               <logical_group_ref idref="lg-23d"/>
            </allocated_space>
            <allocated_space>
               <start_address>0x20000000</start_address>
               <size>0x1c9c</size>
               <logical_group_ref idref="lg-b"/>
            </allocated_space>
            <available_space>
               <start_address>0x20001c9c</start_address>
               <size>0x4</size>
            </available_space>
            <allocated_space>
               <start_address>0x20001ca0</start_address>
               <size>0x200</size>
               <logical_group_ref idref="lg-d"/>
            </allocated_space>
            <allocated_space>
               <start_address>0x20001ea0</start_address>
               <size>0x40</size>
               <logical_group_ref idref="lg-a"/>
            </allocated_space>
            <available_space>
               <start_address>0x20001ee0</start_address>
               <size>0x6120</size>
            </available_space>
         </usage_details>
      </memory_area>
   </placement_map>
   <cptbl_list>
      <cptbl>
         <name>__TI_cinit_table</name>
         <cprec>
            <name>.data</name>
            <load_address>0x2818</load_address>
            <load_size>0xf</load_size>
            <run_address>0x20001ea0</run_address>
            <run_size>0x40</run_size>
            <compression>lzss</compression>
         </cprec>
         <cprec>
            <name>.bss</name>
            <load_address>0x2838</load_address>
            <load_size>0x8</load_size>
            <run_address>0x20000000</run_address>
            <run_size>0x1c9c</run_size>
            <compression>zero_init</compression>
         </cprec>
      </cptbl>
   </cptbl_list>
   <handler_table>
      <handler_table_name>__TI_handler_table</handler_table_name>
      <handler>
         <index>0x0</index>
         <name>__TI_decompress_lzss</name>
      </handler>
      <handler>
         <index>0x1</index>
         <name>__TI_decompress_none</name>
      </handler>
      <handler>
         <index>0x2</index>
         <name>__TI_zero_init</name>
      </handler>
   </handler_table>
   <symbol_table>
      <symbol id="sm-1">
         <name>__STACK_TOP</name>
         <value>0x20001ea0</value>
      </symbol>
      <symbol id="sm-2">
         <name>__start___llvm_prf_cnts</name>
         <value>0x20000000</value>
      </symbol>
      <symbol id="sm-3">
         <name>__stop___llvm_prf_cnts</name>
         <value>0x20000000</value>
      </symbol>
      <symbol id="sm-4">
         <name>__TI_CINIT_Base</name>
         <value>0x2840</value>
      </symbol>
      <symbol id="sm-5">
         <name>__TI_CINIT_Limit</name>
         <value>0x2850</value>
      </symbol>
      <symbol id="sm-6">
         <name>__TI_Handler_Table_Base</name>
         <value>0x2828</value>
      </symbol>
      <symbol id="sm-7">
         <name>__TI_Handler_Table_Limit</name>
         <value>0x2834</value>
      </symbol>
      <symbol id="sm-8">
         <name>binit</name>
         <value>0xffffffff</value>
      </symbol>
      <symbol id="sm-9">
         <name>__binit__</name>
         <value>0xffffffff</value>
      </symbol>
      <symbol id="sm-a">
         <name>__STACK_SIZE</name>
         <value>0x200</value>
      </symbol>
      <symbol id="sm-b">
         <name>__STACK_END</name>
         <value>0x20001ea0</value>
      </symbol>
      <symbol id="sm-c">
         <name>__c_args__</name>
         <value>0xffffffff</value>
      </symbol>
      <symbol id="sm-d">
         <name>__TI_pprof_out_hndl</name>
         <value>0xffffffff</value>
      </symbol>
      <symbol id="sm-e">
         <name>__TI_prof_data_start</name>
         <value>0xffffffff</value>
      </symbol>
      <symbol id="sm-f">
         <name>__TI_prof_data_size</name>
         <value>0xffffffff</value>
      </symbol>
      <symbol id="sm-a1">
         <name>vPortInitialiseBlocks</name>
         <value>0x2119</value>
         <object_component_ref idref="oc-de"/>
      </symbol>
      <symbol id="sm-a2">
         <name>xPortGetFreeHeapSize</name>
         <value>0x2113</value>
         <object_component_ref idref="oc-de"/>
      </symbol>
      <symbol id="sm-a3">
         <name>pvPortMalloc</name>
         <value>0x1f9d</value>
         <object_component_ref idref="oc-de"/>
      </symbol>
      <symbol id="sm-a4">
         <name>vPortFree</name>
         <value>0x20b5</value>
         <object_component_ref idref="oc-de"/>
      </symbol>
      <symbol id="sm-ba">
         <name>uxListRemove</name>
         <value>0x2393</value>
         <object_component_ref idref="oc-e4"/>
      </symbol>
      <symbol id="sm-bb">
         <name>vListInsert</name>
         <value>0x232d</value>
         <object_component_ref idref="oc-e4"/>
      </symbol>
      <symbol id="sm-bc">
         <name>vListInitialiseItem</name>
         <value>0x22e1</value>
         <object_component_ref idref="oc-e4"/>
      </symbol>
      <symbol id="sm-bd">
         <name>vListInsertEnd</name>
         <value>0x22f1</value>
         <object_component_ref idref="oc-e4"/>
      </symbol>
      <symbol id="sm-be">
         <name>vListInitialise</name>
         <value>0x22b1</value>
         <object_component_ref idref="oc-e4"/>
      </symbol>
      <symbol id="sm-e4">
         <name>main</name>
         <value>0x25fd</value>
         <object_component_ref idref="oc-c2"/>
      </symbol>
      <symbol id="sm-e5">
         <name>init_hardware</name>
         <value>0x25cd</value>
         <object_component_ref idref="oc-c2"/>
      </symbol>
      <symbol id="sm-115">
         <name>ulMaxSyscallInterruptPriority</name>
         <value>0x2810</value>
         <object_component_ref idref="oc-7c"/>
      </symbol>
      <symbol id="sm-116">
         <name>vPortSetupTimerInterrupt</name>
         <value>0x2273</value>
         <object_component_ref idref="oc-32"/>
      </symbol>
      <symbol id="sm-117">
         <name>vPortEndScheduler</name>
         <value>0x2215</value>
         <object_component_ref idref="oc-32"/>
      </symbol>
      <symbol id="sm-118">
         <name>xPortSysTickHandler</name>
         <value>0x224d</value>
         <object_component_ref idref="oc-32"/>
      </symbol>
      <symbol id="sm-119">
         <name>pxPortInitialiseStack</name>
         <value>0x2175</value>
         <object_component_ref idref="oc-32"/>
      </symbol>
      <symbol id="sm-11a">
         <name>vPortExitCritical</name>
         <value>0x2237</value>
         <object_component_ref idref="oc-32"/>
      </symbol>
      <symbol id="sm-11b">
         <name>xPortStartScheduler</name>
         <value>0x21df</value>
         <object_component_ref idref="oc-32"/>
      </symbol>
      <symbol id="sm-11c">
         <name>vPortEnterCritical</name>
         <value>0x2217</value>
         <object_component_ref idref="oc-32"/>
      </symbol>
      <symbol id="sm-12b">
         <name>vPortStartFirstTask</name>
         <value>0x2485</value>
         <object_component_ref idref="oc-2d"/>
      </symbol>
      <symbol id="sm-12c">
         <name>ulPortGetIPSR</name>
         <value>0x23ed</value>
         <object_component_ref idref="oc-2d"/>
      </symbol>
      <symbol id="sm-12d">
         <name>vPortEnableVFP</name>
         <value>0x24a9</value>
         <object_component_ref idref="oc-2d"/>
      </symbol>
      <symbol id="sm-12e">
         <name>xPortPendSVHandler</name>
         <value>0x2405</value>
         <object_component_ref idref="oc-2d"/>
      </symbol>
      <symbol id="sm-12f">
         <name>vPortSVCHandler</name>
         <value>0x2465</value>
         <object_component_ref idref="oc-2d"/>
      </symbol>
      <symbol id="sm-15e">
         <name>ResetISR</name>
         <value>0x27fb</value>
         <object_component_ref idref="oc-27"/>
      </symbol>
      <symbol id="sm-15f">
         <name>g_pfnVectors</name>
         <value>0x0</value>
         <object_component_ref idref="oc-12"/>
      </symbol>
      <symbol id="sm-17d">
         <name>status_led_init</name>
         <value>0x2711</value>
         <object_component_ref idref="oc-137"/>
      </symbol>
      <symbol id="sm-17e">
         <name>status_led_task</name>
         <value>0x273f</value>
         <object_component_ref idref="oc-137"/>
      </symbol>
      <symbol id="sm-18f">
         <name>init_systick</name>
         <value>0x263d</value>
         <object_component_ref idref="oc-131"/>
      </symbol>
      <symbol id="sm-380">
         <name>vTaskDelay</name>
         <value>0x5eb</value>
         <object_component_ref idref="oc-7f"/>
      </symbol>
      <symbol id="sm-381">
         <name>vTaskSuspendAll</name>
         <value>0xb33</value>
         <object_component_ref idref="oc-7f"/>
      </symbol>
      <symbol id="sm-382">
         <name>vTaskPlaceOnEventList</name>
         <value>0xf9b</value>
         <object_component_ref idref="oc-7f"/>
      </symbol>
      <symbol id="sm-383">
         <name>uxTaskPriorityGetFromISR</name>
         <value>0x64d</value>
         <object_component_ref idref="oc-7f"/>
      </symbol>
      <symbol id="sm-384">
         <name>pcTaskGetName</name>
         <value>0xd11</value>
         <object_component_ref idref="oc-7f"/>
      </symbol>
      <symbol id="sm-385">
         <name>xTaskCheckForTimeOut</name>
         <value>0x12dd</value>
         <object_component_ref idref="oc-7f"/>
      </symbol>
      <symbol id="sm-386">
         <name>vTaskGenericNotifyGiveFromISR</name>
         <value>0x1cb1</value>
         <object_component_ref idref="oc-7f"/>
      </symbol>
      <symbol id="sm-387">
         <name>vTaskRemoveFromUnorderedEventList</name>
         <value>0x1195</value>
         <object_component_ref idref="oc-7f"/>
      </symbol>
      <symbol id="sm-388">
         <name>vTaskPrioritySet</name>
         <value>0x6a9</value>
         <object_component_ref idref="oc-7f"/>
      </symbol>
      <symbol id="sm-389">
         <name>xTaskPriorityDisinherit</name>
         <value>0x15a9</value>
         <object_component_ref idref="oc-7f"/>
      </symbol>
      <symbol id="sm-38a">
         <name>vTaskStartScheduler</name>
         <value>0xacd</value>
         <object_component_ref idref="oc-7f"/>
      </symbol>
      <symbol id="sm-38b">
         <name>vTaskInternalSetTimeOutState</name>
         <value>0x12bd</value>
         <object_component_ref idref="oc-7f"/>
      </symbol>
      <symbol id="sm-38c">
         <name>pvTaskIncrementMutexHeldCount</name>
         <value>0x17c9</value>
         <object_component_ref idref="oc-7f"/>
      </symbol>
      <symbol id="sm-38d">
         <name>xTaskGenericNotifyStateClear</name>
         <value>0x1e09</value>
         <object_component_ref idref="oc-7f"/>
      </symbol>
      <symbol id="sm-38e">
         <name>xTaskGenericNotify</name>
         <value>0x1951</value>
         <object_component_ref idref="oc-7f"/>
      </symbol>
      <symbol id="sm-38f">
         <name>vTaskPriorityDisinheritAfterTimeout</name>
         <value>0x16a1</value>
         <object_component_ref idref="oc-7f"/>
      </symbol>
      <symbol id="sm-390">
         <name>xTaskCreate</name>
         <value>0x26d</value>
         <object_component_ref idref="oc-7f"/>
      </symbol>
      <symbol id="sm-391">
         <name>xTaskDelayUntil</name>
         <value>0x55b</value>
         <object_component_ref idref="oc-7f"/>
      </symbol>
      <symbol id="sm-392">
         <name>vTaskEndScheduler</name>
         <value>0xb17</value>
         <object_component_ref idref="oc-7f"/>
      </symbol>
      <symbol id="sm-393">
         <name>vTaskMissedYield</name>
         <value>0x1361</value>
         <object_component_ref idref="oc-7f"/>
      </symbol>
      <symbol id="sm-394">
         <name>uxTaskGetNumberOfTasks</name>
         <value>0xd01</value>
         <object_component_ref idref="oc-7f"/>
      </symbol>
      <symbol id="sm-395">
         <name>xTaskCatchUpTicks</name>
         <value>0xd31</value>
         <object_component_ref idref="oc-7f"/>
      </symbol>
      <symbol id="sm-396">
         <name>xTaskGenericNotifyFromISR</name>
         <value>0x1ad9</value>
         <object_component_ref idref="oc-7f"/>
      </symbol>
      <symbol id="sm-397">
         <name>uxTaskPriorityGet</name>
         <value>0x621</value>
         <object_component_ref idref="oc-7f"/>
      </symbol>
      <symbol id="sm-398">
         <name>xTaskResumeAll</name>
         <value>0xb49</value>
         <object_component_ref idref="oc-7f"/>
      </symbol>
      <symbol id="sm-399">
         <name>xTaskGetTickCount</name>
         <value>0xcd5</value>
         <object_component_ref idref="oc-7f"/>
      </symbol>
      <symbol id="sm-39a">
         <name>ulTaskGenericNotifyTake</name>
         <value>0x17e9</value>
         <object_component_ref idref="oc-7f"/>
      </symbol>
      <symbol id="sm-39b">
         <name>vTaskDelete</name>
         <value>0x4a3</value>
         <object_component_ref idref="oc-7f"/>
      </symbol>
      <symbol id="sm-39c">
         <name>ulTaskGenericNotifyValueClear</name>
         <value>0x1e59</value>
         <object_component_ref idref="oc-7f"/>
      </symbol>
      <symbol id="sm-39d">
         <name>xTaskGenericNotifyWait</name>
         <value>0x188f</value>
         <object_component_ref idref="oc-7f"/>
      </symbol>
      <symbol id="sm-39e">
         <name>pxCurrentTCB</name>
         <value>0x20001ea0</value>
         <object_component_ref idref="oc-79"/>
      </symbol>
      <symbol id="sm-39f">
         <name>vTaskSuspend</name>
         <value>0x801</value>
         <object_component_ref idref="oc-7f"/>
      </symbol>
      <symbol id="sm-3a0">
         <name>xTaskGetTickCountFromISR</name>
         <value>0xce9</value>
         <object_component_ref idref="oc-7f"/>
      </symbol>
      <symbol id="sm-3a1">
         <name>vTaskResume</name>
         <value>0x92b</value>
         <object_component_ref idref="oc-7f"/>
      </symbol>
      <symbol id="sm-3a2">
         <name>uxTopUsedPriority</name>
         <value>0x2814</value>
         <object_component_ref idref="oc-f6"/>
      </symbol>
      <symbol id="sm-3a3">
         <name>vTaskSetTimeOutState</name>
         <value>0x129f</value>
         <object_component_ref idref="oc-7f"/>
      </symbol>
      <symbol id="sm-3a4">
         <name>xTaskIncrementTick</name>
         <value>0xd6d</value>
         <object_component_ref idref="oc-7f"/>
      </symbol>
      <symbol id="sm-3a5">
         <name>vTaskSwitchContext</name>
         <value>0xf39</value>
         <object_component_ref idref="oc-7f"/>
      </symbol>
      <symbol id="sm-3a6">
         <name>uxTaskResetEventItemValue</name>
         <value>0x17a1</value>
         <object_component_ref idref="oc-7f"/>
      </symbol>
      <symbol id="sm-3a7">
         <name>xTaskResumeFromISR</name>
         <value>0x9f5</value>
         <object_component_ref idref="oc-7f"/>
      </symbol>
      <symbol id="sm-3a8">
         <name>xTaskGetCurrentTaskHandle</name>
         <value>0x1465</value>
         <object_component_ref idref="oc-7f"/>
      </symbol>
      <symbol id="sm-3a9">
         <name>vTaskPlaceOnUnorderedEventList</name>
         <value>0xfbd</value>
         <object_component_ref idref="oc-7f"/>
      </symbol>
      <symbol id="sm-3aa">
         <name>xTaskRemoveFromEventList</name>
         <value>0x1035</value>
         <object_component_ref idref="oc-7f"/>
      </symbol>
      <symbol id="sm-3ab">
         <name>xTaskPriorityInherit</name>
         <value>0x1489</value>
         <object_component_ref idref="oc-7f"/>
      </symbol>
      <symbol id="sm-3c6">
         <name>memcpy</name>
         <value>0x24b7</value>
         <object_component_ref idref="oc-46"/>
      </symbol>
      <symbol id="sm-3c7">
         <name>__aeabi_memcpy</name>
         <value>0x24b7</value>
         <object_component_ref idref="oc-46"/>
      </symbol>
      <symbol id="sm-3c8">
         <name>__aeabi_memcpy8</name>
         <value>0x24b7</value>
         <object_component_ref idref="oc-46"/>
      </symbol>
      <symbol id="sm-3c9">
         <name>__aeabi_memcpy4</name>
         <value>0x24b7</value>
         <object_component_ref idref="oc-46"/>
      </symbol>
      <symbol id="sm-3d8">
         <name>__aeabi_memset</name>
         <value>0x2555</value>
         <object_component_ref idref="oc-b6"/>
      </symbol>
      <symbol id="sm-3d9">
         <name>memset</name>
         <value>0x255b</value>
         <object_component_ref idref="oc-b6"/>
      </symbol>
      <symbol id="sm-3da">
         <name>__aeabi_memset8</name>
         <value>0x2555</value>
         <object_component_ref idref="oc-b6"/>
      </symbol>
      <symbol id="sm-3db">
         <name>__aeabi_memset4</name>
         <value>0x2555</value>
         <object_component_ref idref="oc-b6"/>
      </symbol>
      <symbol id="sm-3dc">
         <name>__aeabi_memclr8</name>
         <value>0x2553</value>
         <object_component_ref idref="oc-b6"/>
      </symbol>
      <symbol id="sm-3dd">
         <name>__aeabi_memclr4</name>
         <value>0x2553</value>
         <object_component_ref idref="oc-b6"/>
      </symbol>
      <symbol id="sm-3de">
         <name>__aeabi_memclr</name>
         <value>0x2553</value>
         <object_component_ref idref="oc-b6"/>
      </symbol>
      <symbol id="sm-3f5">
         <name>__TI_zero_init</name>
         <value>0x27ef</value>
         <object_component_ref idref="oc-58"/>
      </symbol>
      <symbol id="sm-40c">
         <name>__TI_decompress_none</name>
         <value>0x27e1</value>
         <object_component_ref idref="oc-1b"/>
      </symbol>
      <symbol id="sm-42f">
         <name>__TI_decompress_lzss</name>
         <value>0x26a9</value>
         <object_component_ref idref="oc-15"/>
      </symbol>
      <symbol id="sm-442">
         <name>__stack</name>
         <value>0x20001ca0</value>
         <object_component_ref idref="oc-24"/>
      </symbol>
      <symbol id="sm-443">
         <name>_c_int00_noargs</name>
         <value>0x27ad</value>
         <object_component_ref idref="oc-64"/>
      </symbol>
      <symbol id="sm-46b">
         <name>__TI_auto_init_nobinit_nopinit</name>
         <value>0x2769</value>
         <object_component_ref idref="oc-14a"/>
      </symbol>
      <symbol id="sm-475">
         <name>_system_pre_init</name>
         <value>0x2807</value>
         <object_component_ref idref="oc-bc"/>
      </symbol>
      <symbol id="sm-481">
         <name>C$$EXIT</name>
         <value>0x280b</value>
         <object_component_ref idref="oc-13e"/>
      </symbol>
      <symbol id="sm-482">
         <name>abort</name>
         <value>0x280b</value>
         <object_component_ref idref="oc-13e"/>
      </symbol>
      <symbol id="sm-485">
         <name>__TI_static_base__</name>
         <value>0x0</value>
      </symbol>
      <symbol id="sm-488">
         <name>__mpu_init</name>
         <value>0x0</value>
      </symbol>
      <symbol id="sm-489">
         <name>_system_post_cinit</name>
         <value>0x0</value>
      </symbol>
   </symbol_table>
   <title>Link successful</title>
</link_info>
